ast.Node{ .var_decl = ast.VarDecl{ .name = ast.Span{ .start = 91, .end = 92 }, .access_mode = ast.AccessMode.read, .addr_space = ast.AddrSpace.private, .typ = ast.Node{ .identifier = ast.Span{ .start = 94, .end = 97 } }, .value = null } }
ast.Node{ .fn_decl = ast.FnDecl{ .name = ast.Span{ .start = 103, .end = 104 }, .params = {  }, .ret = null, .scope = { ast.Node{ .var_decl = ast.VarDecl{ .name = ast.Span{ .start = 200, .end = 201 }, .access_mode = ast.AccessMode.read, .addr_space = null, .typ = ast.Node{ .identifier = ast.Span{ .start = 203, .end = 206 } }, .value = null } }, ast.Node{ .let_decl = ast.LetDecl{ .name = ast.Span{ .start = 702, .end = 707 }, .typ = ast.Node{ .template = ast.Template{ .name = ast.Span{ .start = 709, .end = 712 }, .args = { ast.Node{ .identifier = ast.Span{ .start = 713, .end = 720 } }, ast.Node{ .identifier = ast.Span{ .start = 721, .end = 724 } } } } }, .value = ast.Node{ .ref = ast.UnaryOp{ .value = ast.Node{ .identifier = ast.Span{ .start = 729, .end = 730 } } } } } }, ast.Node{ .let_decl = ast.LetDecl{ .name = ast.Span{ .start = 990, .end = 995 }, .typ = ast.Node{ .template = ast.Template{ .name = ast.Span{ .start = 997, .end = 1000 }, .args = { ast.Node{ .identifier = ast.Span{ .start = 1001, .end = 1009 } }, ast.Node{ .identifier = ast.Span{ .start = 1010, .end = 1013 } } } } }, .value = ast.Node{ .ref = ast.UnaryOp{ .value = ast.Node{ .identifier = ast.Span{ .start = 1018, .end = 1019 } } } } } }, ast.Node{ .var_decl = ast.VarDecl{ .name = ast.Span{ .start = 1106, .end = 1107 }, .access_mode = ast.AccessMode.read, .addr_space = null, .typ = ast.Node{ .identifier = ast.Span{ .start = 1109, .end = 1112 } }, .value = null } }, ast.Node{ .let_decl = ast.LetDecl{ .name = ast.Span{ .start = 1404, .end = 1415 }, .typ = ast.Node{ .template = ast.Template{ .name = ast.Span{ .start = 1417, .end = 1420 }, .args = { ast.Node{ .identifier = ast.Span{ .start = 1421, .end = 1429 } }, ast.Node{ .identifier = ast.Span{ .start = 1430, .end = 1433 } } } } }, .value = ast.Node{ .ref = ast.UnaryOp{ .value = ast.Node{ .identifier = ast.Span{ .start = 1438, .end = 1439 } } } } } } } } }
