ast.Node{ .fn_decl = ast.FnDecl{ .name = ast.Span{ .start = 3, .end = 4 }, .params = {  }, .ret = null, .scope = { ast.Node{ .var_decl = ast.VarDecl{ .name = ast.Span{ .start = 17, .end = 18 }, .access_mode = ast.AccessMode.read_write, .addr_space = null, .typ = ast.Node{ .identifier = ast.Span{ .start = 20, .end = 23 } }, .value = ast.Node{ .number_literal = ast.NumberLiteral{ .span = ast.Span{ .start = 26, .end = 28 }, .kind = ast.NumberLiteral.NumberKind.abstract_int } } } }, ast.Node{ .inc = ast.UnaryOp{ .value = ast.Node{ .identifier = ast.Span{ .start = 34, .end = 35 } } } }, ast.Node{ .dec = ast.UnaryOp{ .value = ast.Node{ .identifier = ast.Span{ .start = 68, .end = 69 } } } } } } }
