ast.Node{ .fn_decl = ast.FnDecl{ .name = ast.Span{ .start = 3, .end = 13 }, .params = {  }, .ret = null, .scope = { ast.Node{ .var_decl = ast.VarDecl{ .name = ast.Span{ .start = 24, .end = 25 }, .access_mode = ast.AccessMode.read, .addr_space = null, .typ = ast.Node{ .identifier = ast.Span{ .start = 27, .end = 30 } }, .value = ast.Node{ .number_literal = ast.NumberLiteral{ .span = ast.Span{ .start = 33, .end = 34 }, .kind = ast.NumberLiteral.NumberKind.abstract_int } } } }, ast.Node{ .loop = ast.Loop{ .attributes = null, .scope = { ast.Node{ .if_stmt = ast.If{ .expression = ast.Node{ .equal = ast.BinaryOp{ .lhs = ast.Node{ .identifier = ast.Span{ .start = 52, .end = 53 } }, .rhs = ast.Node{ .number_literal = ast.NumberLiteral{ .span = ast.Span{ .start = 57, .end = 58 }, .kind = ast.NumberLiteral.NumberKind.abstract_int } } } }, .attributes = null, .scope = { ast.Node{ .brk = ast.Span{ .start = 67, .end = 72 } } }, .next = null } }, ast.Node{ .assign = ast.BinaryOp{ .lhs = ast.Node{ .identifier = ast.Span{ .start = 245, .end = 246 } }, .rhs = ast.Node{ .add = ast.BinaryOp{ .lhs = ast.Node{ .identifier = ast.Span{ .start = 249, .end = 250 } }, .rhs = ast.Node{ .number_literal = ast.NumberLiteral{ .span = ast.Span{ .start = 253, .end = 254 }, .kind = ast.NumberLiteral.NumberKind.abstract_int } } } } } } } } } } } }
