ast.Node{ .fn_decl = ast.FnDecl{ .name = ast.Span{ .start = 3, .end = 13 }, .params = {  }, .ret = null, .scope = { ast.Node{ .var_decl = ast.VarDecl{ .name = ast.Span{ .start = 24, .end = 25 }, .access_mode = ast.AccessMode.read, .addr_space = null, .typ = ast.Node{ .identifier = ast.Span{ .start = 27, .end = 30 } }, .value = ast.Node{ .number_literal = ast.NumberLiteral{ .span = ast.Span{ .start = 33, .end = 34 }, .kind = ast.NumberLiteral.NumberKind.abstract_int } } } }, ast.Node{ .loop = ast.Loop{ .attributes = null, .scope = { ast.Node{ .else_stmt = ast.CompoundStatement{ .attributes = null, .scope = { ast.Node{ .cont = ast.Span{ .start = 119, .end = 127 } } } } }, ast.Node{ .assign = ast.BinaryOp{ .lhs = ast.Node{ .identifier = ast.Span{ .start = 243, .end = 244 } }, .rhs = ast.Node{ .add = ast.BinaryOp{ .lhs = ast.Node{ .identifier = ast.Span{ .start = 247, .end = 248 } }, .rhs = ast.Node{ .number_literal = ast.NumberLiteral{ .span = ast.Span{ .start = 251, .end = 252 }, .kind = ast.NumberLiteral.NumberKind.abstract_int } } } } } } } } } } } }
