ast.Node{ .const_decl = ast.ConstDecl{ .name = ast.Span{ .start = 6, .end = 7 }, .typ = null, .value = ast.Node{ .number_literal = ast.Span{ .start = 10, .end = 16 } } } } ast.Node{ .const_decl = ast.ConstDecl{ .name = ast.Span{ .start = 24, .end = 25 }, .typ = null, .value = ast.Node{ .number_literal = ast.Span{ .start = 28, .end = 31 } } } } ast.Node{ .const_decl = ast.ConstDecl{ .name = ast.Span{ .start = 39, .end = 40 }, .typ = null, .value = ast.Node{ .number_literal = ast.Span{ .start = 43, .end = 46 } } } } ast.Node{ .const_decl = ast.ConstDecl{ .name = ast.Span{ .start = 54, .end = 55 }, .typ = null, .value = ast.Node{ .number_literal = ast.Span{ .start = 58, .end = 63 } } } } ast.Node{ .const_decl = ast.ConstDecl{ .name = ast.Span{ .start = 71, .end = 72 }, .typ = null, .value = ast.Node{ .number_literal = ast.Span{ .start = 75, .end = 78 } } } } ast.Node{ .const_decl = ast.ConstDecl{ .name = ast.Span{ .start = 86, .end = 87 }, .typ = null, .value = ast.Node{ .number_literal = ast.Span{ .start = 90, .end = 92 } } } } ast.Node{ .const_decl = ast.ConstDecl{ .name = ast.Span{ .start = 100, .end = 101 }, .typ = null, .value = ast.Node{ .number_literal = ast.Span{ .start = 104, .end = 108 } } } } 