ast.Node{ .struct_decl = ast.StructDecl{ .name = ast.Span{ .start = 7, .end = 8 }, .members = { ast.Node{ .attributed = ast.Attributed{ .attributes = { ast.Attribute{ .location = ast.Node{ .number_literal = ast.NumberLiteral{ .span = ast.Span{ .start = 23, .end = 24 }, .kind = ast.NumberLiteral.NumberKind.abstract_int } } } }, .inner = ast.Node{ .labeled_type = ast.LabeledType{ .name = ast.Span{ .start = 26, .end = 27 }, .typ = ast.Node{ .identifier = ast.Span{ .start = 29, .end = 32 } } } } } }, ast.Node{ .attributed = ast.Attributed{ .attributes = { ast.Attribute{ .location = ast.Node{ .number_literal = ast.NumberLiteral{ .span = ast.Span{ .start = 93, .end = 94 }, .kind = ast.NumberLiteral.NumberKind.abstract_int } } } }, .inner = ast.Node{ .labeled_type = ast.LabeledType{ .name = ast.Span{ .start = 96, .end = 97 }, .typ = ast.Node{ .identifier = ast.Span{ .start = 99, .end = 102 } } } } } } } } } ast.Node{ .struct_decl = ast.StructDecl{ .name = ast.Span{ .start = 113, .end = 114 }, .members = { ast.Node{ .attributed = ast.Attributed{ .attributes = { ast.Attribute{ .location = ast.Node{ .number_literal = ast.NumberLiteral{ .span = ast.Span{ .start = 129, .end = 130 }, .kind = ast.NumberLiteral.NumberKind.abstract_int } } } }, .inner = ast.Node{ .labeled_type = ast.LabeledType{ .name = ast.Span{ .start = 132, .end = 133 }, .typ = ast.Node{ .identifier = ast.Span{ .start = 135, .end = 138 } } } } } } } } } ast.Node{ .struct_decl = ast.StructDecl{ .name = ast.Span{ .start = 149, .end = 150 }, .members = { ast.Node{ .labeled_type = ast.LabeledType{ .name = ast.Span{ .start = 219, .end = 220 }, .typ = ast.Node{ .identifier = ast.Span{ .start = 222, .end = 223 } } } } } } } ast.Node{ .struct_decl = ast.StructDecl{ .name = ast.Span{ .start = 234, .end = 235 }, .members = { ast.Node{ .labeled_type = ast.LabeledType{ .name = ast.Span{ .start = 240, .end = 241 }, .typ = ast.Node{ .template = ast.Template{ .name = ast.Span{ .start = 243, .end = 247 }, .args = { ast.Node{ .identifier = ast.Span{ .start = 248, .end = 251 } } } } } } } } } } ast.Node{ .attributed = ast.Attributed{ .attributes = { ast.Attribute{ .fragment = void } }, .inner = ast.Node{ .fn_decl = ast.FnDecl{ .name = ast.Span{ .start = 329, .end = 340 }, .params = { ast.Node{ .attributed = ast.Attributed{ .attributes = { ast.Attribute{ .location = ast.Node{ .number_literal = ast.NumberLiteral{ .span = ast.Span{ .start = 351, .end = 352 }, .kind = ast.NumberLiteral.NumberKind.abstract_int } } } }, .inner = ast.Node{ .labeled_type = ast.LabeledType{ .name = ast.Span{ .start = 354, .end = 357 }, .typ = ast.Node{ .identifier = ast.Span{ .start = 359, .end = 360 } } } } } } }, .ret = null, .scope = {  } } } } } ast.Node{ .attributed = ast.Attributed{ .attributes = { ast.Attribute{ .fragment = void } }, .inner = ast.Node{ .fn_decl = ast.FnDecl{ .name = ast.Span{ .start = 438, .end = 449 }, .params = { ast.Node{ .attributed = ast.Attributed{ .attributes = { ast.Attribute{ .location = ast.Node{ .number_literal = ast.NumberLiteral{ .span = ast.Span{ .start = 460, .end = 461 }, .kind = ast.NumberLiteral.NumberKind.abstract_int } } } }, .inner = ast.Node{ .labeled_type = ast.LabeledType{ .name = ast.Span{ .start = 463, .end = 466 }, .typ = ast.Node{ .identifier = ast.Span{ .start = 468, .end = 471 } } } } } }, ast.Node{ .attributed = ast.Attributed{ .attributes = { ast.Attribute{ .location = ast.Node{ .number_literal = ast.NumberLiteral{ .span = ast.Span{ .start = 483, .end = 484 }, .kind = ast.NumberLiteral.NumberKind.abstract_int } } } }, .inner = ast.Node{ .labeled_type = ast.LabeledType{ .name = ast.Span{ .start = 486, .end = 489 }, .typ = ast.Node{ .identifier = ast.Span{ .start = 491, .end = 494 } } } } } } }, .ret = null, .scope = {  } } } } } ast.Node{ .attributed = ast.Attributed{ .attributes = { ast.Attribute{ .fragment = void } }, .inner = ast.Node{ .fn_decl = ast.FnDecl{ .name = ast.Span{ .start = 578, .end = 589 }, .params = { ast.Node{ .attributed = ast.Attributed{ .attributes = { ast.Attribute{ .location = ast.Node{ .number_literal = ast.NumberLiteral{ .span = ast.Span{ .start = 600, .end = 601 }, .kind = ast.NumberLiteral.NumberKind.abstract_int } } } }, .inner = ast.Node{ .labeled_type = ast.LabeledType{ .name = ast.Span{ .start = 603, .end = 606 }, .typ = ast.Node{ .template = ast.Template{ .name = ast.Span{ .start = 608, .end = 612 }, .args = { ast.Node{ .identifier = ast.Span{ .start = 613, .end = 616 } } } } } } } } } }, .ret = ast.Node{ .attributed = ast.Attributed{ .attributes = { ast.Attribute{ .location = ast.Node{ .number_literal = ast.NumberLiteral{ .span = ast.Span{ .start = 632, .end = 633 }, .kind = ast.NumberLiteral.NumberKind.abstract_int } } } }, .inner = ast.Node{ .identifier = ast.Span{ .start = 635, .end = 636 } } } }, .scope = {  } } } } } 