ast.Node{ .struct_decl = ast.StructDecl{ .name = ast.Span{ .start = 7, .end = 17 }, .members = { ast.Node{ .labeled_type = ast.LabeledType{ .name = ast.Span{ .start = 81, .end = 89 }, .typ = ast.Node{ .identifier = ast.Span{ .start = 92, .end = 97 } } } }, ast.Node{ .labeled_type = ast.LabeledType{ .name = ast.Span{ .start = 238, .end = 243 }, .typ = ast.Node{ .identifier = ast.Span{ .start = 246, .end = 251 } } } } } } } ast.Node{ .struct_decl = ast.StructDecl{ .name = ast.Span{ .start = 403, .end = 415 }, .members = { ast.Node{ .labeled_type = ast.LabeledType{ .name = ast.Span{ .start = 468, .end = 478 }, .typ = ast.Node{ .identifier = ast.Span{ .start = 481, .end = 484 } } } }, ast.Node{ .labeled_type = ast.LabeledType{ .name = ast.Span{ .start = 625, .end = 630 }, .typ = ast.Node{ .template = ast.Template{ .name = ast.Span{ .start = 633, .end = 638 }, .args = { ast.Node{ .identifier = ast.Span{ .start = 639, .end = 649 } } } } } } } } } } ast.Node{ .attributed = ast.Attributed{ .attributes = { ast.Attribute{ .group = ast.Node{ .number_literal = ast.Span{ .start = 719, .end = 720 } } }, ast.Attribute{ .binding = ast.Node{ .number_literal = ast.Span{ .start = 731, .end = 732 } } } }, .inner = ast.Node{ .var_decl = ast.VarDecl{ .name = ast.Span{ .start = 747, .end = 753 }, .access_mode = ast.AccessMode.read, .addr_space = ast.AddrSpace.storage, .typ = ast.Node{ .identifier = ast.Span{ .start = 756, .end = 768 } }, .value = null } } } } 